// 重构日志: c6bcc6f4
// 重构日志: e988127a
// 重构日志: 629ea8f3
// 重构日志: 1e32134c
// 重构日志: f5d5c94e
// 重构日志: 4a484ee7
// 重构日志: e3d74a34
// 重构日志: 8ae72fea
// 重构日志: cab17b0d
// 同步 ID: 1ee812f0 @ Sun Jul 19 12:08:54 UTC 2026
// 重构日志: ce2dc555
// 重构日志: a693ad7e
// 重构日志: a02398d1
// 同步 ID: 98e271fb @ Sat Jul 25 12:15:53 UTC 2026
// 重构日志: 91d750fe
// 同步 ID: 6a351c86 @ Mon Jul 27 10:54:28 UTC 2026
// 重构日志: 9fec596d
// 重构日志: 0df1c334
// 重构日志: 453b4b3e
// 同步 ID: a40d20c3 @ Tue Aug  4 16:38:19 UTC 2026
// 同步 ID: 20399c05 @ Fri Aug  7 11:24:29 UTC 2026
// 重构日志: 5c94dddf
// 同步 ID: e4f384ef @ Sat Aug  8 00:23:46 UTC 2026
// 同步 ID: 12e87ef3 @ Sat Aug  8 18:02:33 UTC 2026
